// Jest Snapshot v1, https://goo.gl/fbAQLP

exports[`Test en <SearchScreen/> Debe mostrar a batman y el input con el valor del queryString 1`] = `
Array [
  <h1>
    Your Hero
  </h1>,
  <hr />,
  <div
    className="row"
  >
    <div
      className="col-5"
    >
      <h4>
        Search
      </h4>
      <hr />
      <form
        onSubmit={[Function]}
      >
        <input
          autoComplete="off"
          className="form-control"
          name="searchText"
          onChange={[Function]}
          placeholder="Find your hero"
          type="text"
          value="batman"
        />
        <button
          className="btn btn-outline-secondary mt-3"
          type="submit"
        >
          search...
        </button>
      </form>
    </div>
    <div
      className="col-7"
    >
      <h4>
        Results
      </h4>
      <hr />
      <div
        className="col animate__animated animate__fadeIn"
      >
        <div
          className="card"
        >
          <div
            className="row no-gutters"
          >
            <div
              className="col-4"
            >
              <img
                alt="Batman"
                className="card-img"
                src="/assets/dc-batman.jpg"
              />
            </div>
            <div
              className="col-8"
            >
              <div
                className="card-body"
              >
                <h5
                  className="card-tittle"
                >
                  Batman
                </h5>
                <p
                  className="card-text"
                >
                  Bruce Wayne
                </p>
                <p
                  className="card-text"
                >
                  <small
                    className="text-muted"
                  >
                    Detective Comics #27
                  </small>
                </p>
                <a
                  href="/hero/dc-batman"
                  onClick={[Function]}
                >
                  MÃ¡s...
                </a>
              </div>
            </div>
          </div>
        </div>
      </div>
    </div>
  </div>,
]
`;

exports[`Test en <SearchScreen/> Debe mostrarse correctamente y con valores por defecto 1`] = `
Array [
  <h1>
    Your Hero
  </h1>,
  <hr />,
  <div
    className="row"
  >
    <div
      className="col-5"
    >
      <h4>
        Search
      </h4>
      <hr />
      <form
        onSubmit={[Function]}
      >
        <input
          autoComplete="off"
          className="form-control"
          name="searchText"
          onChange={[Function]}
          placeholder="Find your hero"
          type="text"
          value=""
        />
        <button
          className="btn btn-outline-secondary mt-3"
          type="submit"
        >
          search...
        </button>
      </form>
    </div>
    <div
      className="col-7"
    >
      <h4>
        Results
      </h4>
      <hr />
      <div
        className="alert alert-info"
      >
        look for a hero
      </div>
    </div>
  </div>,
]
`;
